
28 57 73 122 137 139 142 184 192 203 209 259 273 279 

