
11 55 65 83 122 138 142 168 194 203 208 230 259 273 303 332 354 389 400 448 465 471 500 

