187#5 126#4 65#3 56#2 28#1 57#1 99#2 73#1 122#1 140#3 138#2 137#1 139#1 155#2 142#1 184#1 205#4 194#1 266#3 245#2 209#1 259#1 274#2 273#1 279#1 
