Enter integer: 
Integers in level 5 are: 21 36 42 56 63 68 72 75 110 116 130 143 153 158 165 218 246 261 275 
