240 110 55 26 11 4 2 3 6 5 10 15 13 12 14 19 16 20 41 34 30 29 33 38 35 40 47 45 42 46 49 48 52 82 67 61 59 58 60 65 64 66 74 70 69 72 80 77 81 93 87 85 84 86 89 88 90 102 97 95 101 107 105 108 168 135 123 118 115 113 116 120 119 122 129 126 125 128 132 131 133 157 145 137 136 143 151 148 154 163 160 159 161 165 164 166 205 193 185 180 172 182 191 188 192 200 198 195 199 203 201 204 225 213 208 206 212 218 216 224 231 227 226 228 233 232 238 359 300 269 250 243 241 242 247 246 248 261 254 253 255 266 264 267 285 279 277 270 278 283 280 284 291 288 286 290 295 292 297 331 316 308 306 305 307 311 310 315 322 318 317 320 329 327 330 344 340 335 332 337 342 341 343 354 347 345 352 357 355 358 442 407 388 379 372 363 374 383 380 384 394 390 389 393 401 395 404 424 417 411 410 416 420 418 422 432 427 426 431 435 434 438 472 458 448 445 444 446 453 452 456 467 461 459 466 469 468 471 490 480 477 474 478 486 481 489 495 493 491 494 499 497 504 