Enter integer: 
Integers in level 9 are: 7 24 30 89 96 107 167 188 201 211 222 228 236 280 282 287 
