46 21 9 5 2 1 4 7 6 8 16 12 10 15 18 17 19 32 28 23 22 25 30 29 31 37 35 33 36 43 40 45 72 60 54 48 47 52 57 56 58 68 65 63 66 70 69 71 86 78 75 74 76 84 79 85 93 90 89 92 95 94 97 99 